app/page.tsx(15,3): error TS2440: Import declaration conflicts with local declaration of 'Sticker'.
app/page.tsx(361,11): error TS2322: Type '{ enter: (direction: number) => { x: number; opacity: number; rotateY: number; }; center: { x: number; opacity: number; rotateY: number; transition: { duration: number; ease: number[]; }; }; exit: (direction: number) => { ...; }; }' is not assignable to type 'Variants'.
  Property 'center' is incompatible with index signature.
    Type '{ x: number; opacity: number; rotateY: number; transition: { duration: number; ease: number[]; }; }' is not assignable to type 'Variant'.
      Type '{ x: number; opacity: number; rotateY: number; transition: { duration: number; ease: number[]; }; }' is not assignable to type 'TargetAndTransition'.
        Type '{ x: number; opacity: number; rotateY: number; transition: { duration: number; ease: number[]; }; }' is not assignable to type '{ transition?: Transition<any> | undefined; transitionEnd?: ResolvedValues$1 | undefined; }'.
          Types of property 'transition' are incompatible.
            Type '{ duration: number; ease: number[]; }' is not assignable to type 'Transition<any> | undefined'.
              Type '{ duration: number; ease: number[]; }' is not assignable to type 'TransitionWithValueOverrides<any>'.
                Type '{ duration: number; ease: number[]; }' is not assignable to type 'ValueAnimationTransition<any>'.
                  Types of property 'ease' are incompatible.
                    Type 'number[]' is not assignable to type 'Easing | Easing[] | undefined'.
                      Type 'number[]' is not assignable to type 'EasingFunction | Easing[]'.
                        Type 'number[]' is not assignable to type 'Easing[]'.
                          Type 'number' is not assignable to type 'Easing'.
